PARSE ERROR: Argument: -f (--floatTest)
             More than one valid value parsed from string '1.0.0'

Brief USAGE: 
   ../build/examples/test8  [-f=<float>] ...  [-i=<int>] ...  -s=<string>
                            [-B] [--] [--version] [-h] <string> <string>
                            <fileNameString> ...

For complete USAGE and HELP type: 
   ../build/examples/test8 --help

