PARSE ERROR: Argument: -s (--stringTest)
             Couldn't find delimiter for this argument!

Brief USAGE: 
   ../build/examples/test8  [-f=<float>] ...  [-i=<int>] ...  -s=<string>
                            [-B] [--] [--version] [-h] <string> <string>
                            <fileNameString> ...

For complete USAGE and HELP type: 
   ../build/examples/test8 --help

