PARSE ERROR: Argument: -i (--intTest)
             Argument already set!

Brief USAGE: 
   ../build/examples/test2  [-f <float>] -i <int> -s <string> [-A] [-C]
                            [-B] [--] [--version] [-h] <string> <string>
                            ...

For complete USAGE and HELP type: 
   ../build/examples/test2 --help

