PARSE ERROR:  
             Required argument missing: vect

Brief USAGE: 
   ../build/examples/test12  -v <3D vector> ...  [--] [--version] [-h]

For complete USAGE and HELP type: 
   ../build/examples/test12 --help

