PARSE ERROR:  
             Required argument missing: unTest2

Brief USAGE: 
   ../build/examples/test3  [-f=<float>] ...  [-i=<int>] ... 
                            --stringTest=<string> [-B] [--] [--version]
                            [-h] <string> <string> <fileNameString> ...

For complete USAGE and HELP type: 
   ../build/examples/test3 --help

