PARSE ERROR: Argument: -f (--floatTest)
             Couldn't read argument value from string 'nine'

Brief USAGE: 
   ../build/examples/test2  [-f <float>] -i <int> -s <string> [-A] [-C]
                            [-B] [--] [--version] [-h] <string> <string>
                            ...

For complete USAGE and HELP type: 
   ../build/examples/test2 --help

